src/pages/Shop.tsx(4,71): error TS6133: 'ChevronUp' is declared but its value is never read.
src/pages/Shop.tsx(4,82): error TS6133: 'ChevronRight' is declared but its value is never read.
src/pages/Shop.tsx(4,96): error TS6133: 'IndianRupee' is declared but its value is never read.
