[dotenv@17.2.3] injecting env (6) from .env -- tip: ≡ƒöÉ prevent committing .env to code: https://dotenvx.com/precommit

≡ƒº¬ ZOHO SMTP EMAIL SYSTEM TEST

==================================================

1∩╕ÅΓâú  Testing ORDER email (reply-to: sales@kottravai.in)...
≡ƒôº Sending email via Zoho SMTP...
From: undefined
Reply-To: sales@kottravai.in
To: admin@kottravai.in
Subject: TEST: Order Confirmation
Type: order
node : Γ¥î SMTP ERROR: 
Error: connect ECONNREFUSED 
::1:465
At line:1 char:1
+ node 
server/test-email-system.js 
> test_output.txt 2>&1
+ ~~~~~~~~~~~~~~~~~~~~~~~~~~
~~~~~~~~~~~~~~~~~~~~~~~~~~~~
~
    + CategoryInfo          
    : NotSpecified: (Γ¥î S  
  MTP ERROR:...REFUSED ::   
 1:465:String) [], Remot    
eException
    + FullyQualifiedErrorId 
    : NativeCommandError
 
    at 
TCPConnectWrap.afterConnect 
[as oncomplete] 
(node:net:1634:16) {
  errno: -4078,
  code: 'ESOCKET',
  syscall: 'connect',
  address: '::1',
  port: 465,
  command: 'CONN'
}
Γ¥î Order email failed: 
connect ECONNREFUSED ::1:465

2∩╕ÅΓâú  Testing B2B email (reply-to: b2b@kottravai.in)...
≡ƒôº Sending email via Zoho SMTP...
From: undefined
Reply-To: b2b@kottravai.in
To: admin@kottravai.in
Subject: TEST: B2B Inquiry
Type: b2b
Γ¥î SMTP ERROR: Error: 
connect ECONNREFUSED ::1:465
    at 
TCPConnectWrap.afterConnect 
[as oncomplete] 
(node:net:1634:16) {
  errno: -4078,
  code: 'ESOCKET',
  syscall: 'connect',
  address: '::1',
  port: 465,
  command: 'CONN'
}
Γ¥î B2B email failed: 
connect ECONNREFUSED ::1:465

3∩╕ÅΓâú  Testing CONTACT email (reply-to: support@kottravai.in)...
≡ƒôº Sending email via Zoho SMTP...
From: undefined
Reply-To: support@kottravai.in
To: admin@kottravai.in
Subject: TEST: Contact Form
Type: contact
Γ¥î SMTP ERROR: Error: 
connect ECONNREFUSED ::1:465
    at 
TCPConnectWrap.afterConnect 
[as oncomplete] 
(node:net:1634:16) {
  errno: -4078,
  code: 'ESOCKET',
  syscall: 'connect',
  address: '::1',
  port: 465,
  command: 'CONN'
}
Γ¥î Contact email failed: 
connect ECONNREFUSED ::1:465

4∩╕ÅΓâú  Testing SUBSCRIBE email (reply-to: info@kottravai.in)...
≡ƒôº Sending email via Zoho SMTP...
From: undefined
Reply-To: info@kottravai.in
To: admin@kottravai.in
Subject: TEST: Newsletter Subscription
Type: subscribe
Γ¥î SMTP ERROR: Error: 
connect ECONNREFUSED ::1:465
    at 
TCPConnectWrap.afterConnect 
[as oncomplete] 
(node:net:1634:16) {
  errno: -4078,
  code: 'ESOCKET',
  syscall: 'connect',
  address: '::1',
  port: 465,
  command: 'CONN'
}
Γ¥î Subscribe email failed: 
connect ECONNREFUSED ::1:465

5∩╕ÅΓâú  Testing CUSTOM REQUEST email (reply-to: sales@kottravai.in)...
≡ƒôº Sending email via Zoho SMTP...
From: undefined
Reply-To: sales@kottravai.in
To: admin@kottravai.in
Subject: TEST: Custom Product Request
Type: custom
Γ¥î SMTP ERROR: Error: 
connect ECONNREFUSED ::1:465
    at 
TCPConnectWrap.afterConnect 
[as oncomplete] 
(node:net:1634:16) {
  errno: -4078,
  code: 'ESOCKET',
  syscall: 'connect',
  address: '::1',
  port: 465,
  command: 'CONN'
}
Γ¥î Custom request email 
failed: connect 
ECONNREFUSED ::1:465

==================================================

≡ƒôè ZOHO SMTP FINAL REPORT

SMTP Connection: Γ£à SUCCESS
Authentication: Γ£à SUCCESS (admin@kottravai.in)
Order Emails: Γ¥î FAILED
B2B Emails: Γ¥î FAILED
Contact Emails: Γ¥î FAILED
Subscribe Emails: Γ¥î FAILED
Custom Request Emails: Γ¥î FAILED

System Status: ΓÜá∩╕Å  NEEDS FIX

==================================================

